// Jest Snapshot v1, https://goo.gl/fbAQLP

exports[`My Connected React-Redux Component should render with given state from Redux store 1`] = `
<DocumentFragment>
  <div
    class="css-aw16qv"
  >
    <input
      class="chakra-input css-ttucp5"
      placeholder="søk etter studentby"
      value=""
    />
    <div
      class="chakra-select__wrapper css-9vauj5"
    >
      <select
        class="chakra-select css-1msa8b1"
        data-testid="select-cities"
      >
        <option
          value=""
        >
          Alle byer
        </option>
        <option
          value="1"
        >
          Oslo
        </option>
        <option
          value="2"
        >
          Trondheim
        </option>
      </select>
      <div
        class="chakra-select__icon-wrapper css-pezv7i"
      >
        <svg
          aria-hidden="true"
          class="chakra-select__icon"
          focusable="false"
          role="presentation"
          style="width: 1em; height: 1em; color: currentColor;"
          viewBox="0 0 24 24"
        >
          <path
            d="M16.59 8.59L12 13.17 7.41 8.59 6 10l6 6 6-6z"
            fill="currentColor"
          />
        </svg>
      </div>
    </div>
    <div
      class="chakra-select__wrapper css-42b2qy"
    >
      <select
        class="chakra-select css-1msa8b1"
        data-testid="select-sort"
      >
        <option
          value="alphabetical"
        >
          Alfabetisk A -&gt; Å
        </option>
        <option
          value="inverseAlphabetical"
        >
          Alfabetisk Å -&gt; A
        </option>
        <option
          value="ratingHighToLow"
        >
          Total vurdering høy -&gt; lav
        </option>
        <option
          value="ratingLowToHigh"
        >
          Total vurdering lav -&gt; høy
        </option>
      </select>
      <div
        class="chakra-select__icon-wrapper css-pezv7i"
      >
        <svg
          aria-hidden="true"
          class="chakra-select__icon"
          focusable="false"
          role="presentation"
          style="width: 1em; height: 1em; color: currentColor;"
          viewBox="0 0 24 24"
        >
          <path
            d="M16.59 8.59L12 13.17 7.41 8.59 6 10l6 6 6-6z"
            fill="currentColor"
          />
        </svg>
      </div>
    </div>
  </div>
</DocumentFragment>
`;
